../Core/Src/main.c:103:5:main	12344	static
../Core/Src/main.c:194:6:SystemClock_Config	96	static
../Core/Src/main.c:244:13:MX_TIM16_Init	8	static
../Core/Src/main.c:276:13:MX_USART2_UART_Init	8	static
../Core/Src/main.c:311:13:MX_GPIO_Init	48	static
../Core/Src/main.c:391:14:init_bitset	12312	static
../Core/Src/main.c:404:6:affiche_lettre	32	static
../Core/Src/main.c:420:6:affiche_phrase	48	static
../Core/Src/main.c:430:6:ecrire_pixel	24	static
../Core/Src/main.c:434:6:eteindre_pixel	32	static
../Core/Src/main.c:438:6:affiche_rectangle	32	static
../Core/Src/main.c:456:6:decaler_ligne	32	static
../Core/Src/main.c:466:7:creer_pixel	24	static
../Core/Src/main.c:474:6:affichage_bitset	24	static
../Core/Src/main.c:532:15:ReadBCD	24	static
../Core/Src/main.c:541:6:ResetDisplay	24	static
../Core/Src/main.c:551:6:ReadScore	24	static
../Core/Src/main.c:581:6:delai	24	static
../Core/Src/main.c:591:6:Error_Handler	4	static,ignoring_inline_asm
